# serializer version: 1
# name: test_all_garages
  list([
    Garage(name='Parking Sauvenière', capacity=16, charging_stations=0, address='boulevard de la Sauvenière 100, 4000', municipality='Liège', city='Liège', provider='Be-Park', schedule='24h / 7j', url='https://www.bepark.eu/fr/parking/wallonie/liege', longitude=5.5654035149, latitude=50.6429408518, created_at=datetime.datetime(2022, 3, 16, 23, 0, tzinfo=<UTC>), updated_at=datetime.datetime(2022, 3, 16, 23, 0, tzinfo=<UTC>)),
    Garage(name='Parking Saint-Denis', capacity=748, charging_stations=0, address='rue Lambert Lombard 5, 4000', municipality='Liège', city='Liège', provider='Saint-Denis', schedule='24h/24, 7j/7.', url='http://parkingstdenisliege.be', longitude=5.574644137, latitude=50.6435348112, created_at=datetime.datetime(2020, 9, 24, 22, 0, tzinfo=<UTC>), updated_at=datetime.datetime(2021, 6, 10, 22, 0, tzinfo=<UTC>)),
    Garage(name='Parking Rotterdam', capacity=147, charging_stations=None, address='rue de Rotterdam 4, 4000', municipality='Liège', city='Liège', provider='Bepark', schedule='sur abonnement ou réservation : 24h/24, 7j/7.', url='https://www.bepark.eu/fr/parking/belgique/liege/rue-de-rotterdam/1030', longitude=5.5674353803, latitude=50.6311729725, created_at=datetime.datetime(2021, 8, 15, 22, 0, tzinfo=<UTC>), updated_at=datetime.datetime(2021, 8, 15, 22, 0, tzinfo=<UTC>)),
    Garage(name='Parking Cité administrative', capacity=354, charging_stations=2, address='quai de la Goffe 15, 4000', municipality='Liège', city='Liège', provider='interparking', schedule='24h/24, 7j/7.', url='http://www.interparking.be', longitude=5.578713548, latitude=50.6454658887, created_at=datetime.datetime(2020, 9, 24, 22, 0, tzinfo=<UTC>), updated_at=datetime.datetime(2021, 6, 10, 22, 0, tzinfo=<UTC>)),
    Garage(name='Parking Médiacité', capacity=2200, charging_stations=6, address='rue Latour 31, 4020', municipality='Liège', city='Liège', provider='mypark', schedule="Du lundi au vendredi de 7h00 à 23h00 (jusqu'à minuit en hiver), samedi de 7h00 à 23h00 (jusqu'à 23h30 en hiver) et dimanche uniquement en hiver de 7h00 à 23h30.", url='http://www.mypark.be', longitude=5.5801465473, latitude=50.6319550955, created_at=datetime.datetime(2020, 9, 24, 22, 0, tzinfo=<UTC>), updated_at=datetime.datetime(2021, 11, 11, 23, 0, tzinfo=<UTC>)),
    Garage(name='Parking Guillemins P3', capacity=700, charging_stations=0, address='place des Guillemins 4, 4000', municipality='Liège', city='Liège', provider='SNCB', schedule='24h/24, 7j/7.', url='https://www.belgiantrain.be/fr/station-information/car-or-bike-at-station/b-parking/my-b-parking/liege-guillemins', longitude=5.5643427667, latitude=50.6276071641, created_at=datetime.datetime(2020, 9, 24, 22, 0, tzinfo=<UTC>), updated_at=datetime.datetime(2021, 6, 10, 22, 0, tzinfo=<UTC>)),
    Garage(name='Parking Guillemins P1', capacity=496, charging_stations=0, address='rue Serrurier Bovy 8, 4000', municipality='Liège', city='Liège', provider='SNCB', schedule='24h/24, 7j/7.', url='https://www.belgiantrain.be/fr/station-information/car-or-bike-at-station/b-parking/my-b-parking/liege-guillemins', longitude=5.5658238398, latitude=50.6241061002, created_at=datetime.datetime(2020, 9, 24, 22, 0, tzinfo=<UTC>), updated_at=datetime.datetime(2021, 6, 10, 22, 0, tzinfo=<UTC>)),
    Garage(name='Parking Opéra', capacity=245, charging_stations=0, address='rue Georges Clémenceau 11, 4000', municipality='Liège', city='Liège', provider='Opera', schedule='24h/24, 7j/7.', url='https://www.facebook.com/parkingopera/', longitude=5.5710141432, latitude=50.6430595898, created_at=datetime.datetime(2020, 9, 24, 22, 0, tzinfo=<UTC>), updated_at=datetime.datetime(2021, 6, 10, 22, 0, tzinfo=<UTC>)),
    Garage(name='Parking Cadran Bons-Enfants', capacity=126, charging_stations=2, address='rue des Bons Enfants 2, 4000', municipality='Liège', city='Liège', provider='illico-park', schedule='24h/24, 7j/7.', url='http://www.illico-park.be', longitude=5.5680626708, latitude=50.6459673929, created_at=datetime.datetime(2020, 9, 24, 22, 0, tzinfo=<UTC>), updated_at=datetime.datetime(2021, 6, 10, 22, 0, tzinfo=<UTC>)),
    Garage(name='Parking Aquarium', capacity=70, charging_stations=0, address='rue Méan 26, 4020', municipality='Liège', city='Liège', provider='illico-park', schedule='24h/24, 7j/7.', url='http://www.illico-park.be', longitude=5.5800306678, latitude=50.6376851177, created_at=datetime.datetime(2020, 9, 24, 22, 0, tzinfo=<UTC>), updated_at=datetime.datetime(2021, 11, 11, 23, 0, tzinfo=<UTC>)),
  ])
# ---
# name: test_disabled_parkings
  list([
    DisabledParking(spot_id='cba258ed55c9c207f5bd4b9db97053be72f99eb7', number=1, address='quai Saint-Paul de Sinçay 103, 4031', municipality='Liège', city='Liège', status='Existant', longitude=5.6051201, latitude=50.602958578, created_at=datetime.datetime(2021, 11, 25, 23, 0, tzinfo=<UTC>), updated_at=datetime.datetime(2021, 11, 25, 23, 0, tzinfo=<UTC>)),
    DisabledParking(spot_id='f532805125b393e03e1feffb45c5695a9370a4b3', number=1, address='rue des Vennes 112, 4020', municipality='Liège', city='Liège', status='Existant', longitude=5.584375254, latitude=50.6273122047, created_at=datetime.datetime(2021, 3, 30, 22, 0, tzinfo=<UTC>), updated_at=datetime.datetime(2022, 2, 6, 23, 0, tzinfo=<UTC>)),
    DisabledParking(spot_id='a5c82752dd23cfc9ecb1db2db496f964a59a3b82', number=1, address='avenue Freddy Terwagne 3, 4030', municipality='Liège', city='Liège', status='Existant', longitude=5.6285546432, latitude=50.6302120608, created_at=datetime.datetime(2021, 3, 26, 23, 0, tzinfo=<UTC>), updated_at=datetime.datetime(2021, 3, 26, 23, 0, tzinfo=<UTC>)),
    DisabledParking(spot_id='af10b2a70ad90340e5ade2ff9bef10e2344a94c6', number=1, address='avenue Freddy Terwagne 6, 4030', municipality='Liège', city='Liège', status='Existant', longitude=5.6296538896, latitude=50.6295297953, created_at=datetime.datetime(2021, 3, 25, 23, 0, tzinfo=<UTC>), updated_at=datetime.datetime(2021, 3, 25, 23, 0, tzinfo=<UTC>)),
    DisabledParking(spot_id='a48ff4080ce9bf776c64347026e979980b7aa708', number=1, address='avenue Rogier 18, 4000', municipality='Liège', city='Liège', status='Existant', longitude=5.5696178047, latitude=50.6318805217, created_at=datetime.datetime(2021, 3, 26, 23, 0, tzinfo=<UTC>), updated_at=datetime.datetime(2021, 3, 26, 23, 0, tzinfo=<UTC>)),
    DisabledParking(spot_id='72afbf64b9a82b0413b25961e8f2544db756f124', number=1, address="boulevard d'Avroy 276, 4000", municipality='Liège', city='Liège', status='Existant', longitude=5.5680728796, latitude=50.6307092203, created_at=datetime.datetime(2021, 8, 26, 22, 0, tzinfo=<UTC>), updated_at=datetime.datetime(2021, 8, 26, 22, 0, tzinfo=<UTC>)),
    DisabledParking(spot_id='0f803ce3f8a439b97b87590ce1d9a7f041cb7823', number=1, address='boulevard de Douai 21, 4030', municipality='Liège', city='Liège', status='Existant', longitude=5.5943756709, latitude=50.6218024925, created_at=datetime.datetime(2021, 3, 24, 23, 0, tzinfo=<UTC>), updated_at=datetime.datetime(2021, 3, 24, 23, 0, tzinfo=<UTC>)),
    DisabledParking(spot_id='0052b27ddde3d099a0711783f8544d302690d7d0', number=1, address='chaussée de Tongres 139, 4000', municipality='Liège', city='Liège', status='Existant', longitude=5.5570811831, latitude=50.6670818366, created_at=datetime.datetime(2021, 3, 24, 23, 0, tzinfo=<UTC>), updated_at=datetime.datetime(2021, 3, 24, 23, 0, tzinfo=<UTC>)),
    DisabledParking(spot_id='90c7723fdd27a793bae73e9bac313d3877d646d4', number=1, address='Montagne Sainte-Walburge 43, 4000', municipality='Liège', city='Liège', status='Existant', longitude=5.5677519905, latitude=50.6487827409, created_at=datetime.datetime(2021, 3, 25, 23, 0, tzinfo=<UTC>), updated_at=datetime.datetime(2021, 3, 25, 23, 0, tzinfo=<UTC>)),
    DisabledParking(spot_id='e45cecc773093bb0196de7a0d109d2ae1609503a', number=1, address='place des Abeilles 6, 4020', municipality='Liège', city='Liège', status='Existant', longitude=5.6330619893, latitude=50.6434944053, created_at=None, updated_at=datetime.datetime(2021, 3, 24, 23, 0, tzinfo=<UTC>)),
  ])
# ---
