# serializer version: 1
# name: test_all_garages
  list([
    Garage(
      address='rue Natalis 49, 4020',
      capacity=16,
      charging_stations=0,
      city='Liège',
      created_at=datetime.datetime(2024, 3, 5, 0, 0, tzinfo=datetime.timezone.utc),
      latitude=50.6301695672,
      longitude=5.5826088906,
      municipality='Liège',
      name='Parking Natalis',
      provider='Bepark',
      schedule='sur abonnement ou réservation 24h / 7j',
      updated_at=datetime.datetime(2024, 3, 5, 0, 0, tzinfo=datetime.timezone.utc),
      url='https://www.bepark.eu/fr/parking/wallonie/liege',
    ),
    Garage(
      address='rue Lambert Lombard 5, 4000',
      capacity=748,
      charging_stations=0,
      city='Liège',
      created_at=datetime.datetime(2020, 9, 25, 0, 0, tzinfo=datetime.timezone.utc),
      latitude=50.6435348112,
      longitude=5.574644137,
      municipality='Liège',
      name='Parking Saint-Denis',
      provider='Saint-Denis',
      schedule='24h/24, 7j/7.',
      updated_at=datetime.datetime(2024, 4, 5, 0, 0, tzinfo=datetime.timezone.utc),
      url='http://parkingstdenisliege.be',
    ),
    Garage(
      address='rue Méan 26, 4020',
      capacity=70,
      charging_stations=0,
      city='Liège',
      created_at=datetime.datetime(2020, 9, 25, 0, 0, tzinfo=datetime.timezone.utc),
      latitude=50.6376851177,
      longitude=5.5800306678,
      municipality='Liège',
      name='Parking Aquarium',
      provider='illico-park',
      schedule='24h/24, 7j/7.',
      updated_at=datetime.datetime(2024, 3, 28, 0, 0, tzinfo=datetime.timezone.utc),
      url='http://www.illico-park.be',
    ),
    Garage(
      address='place Saint-Lambert 41, 4000',
      capacity=500,
      charging_stations=0,
      city='Liège',
      created_at=datetime.datetime(2020, 9, 25, 0, 0, tzinfo=datetime.timezone.utc),
      latitude=50.6445693701,
      longitude=5.5727508764,
      municipality='Liège',
      name='Parking Saint-Lambert',
      provider='mypark',
      schedule='7j/7 - 24h/24',
      updated_at=datetime.datetime(2024, 4, 4, 0, 0, tzinfo=datetime.timezone.utc),
      url='http://www.mypark.be',
    ),
    Garage(
      address='rue Jonfosse 62, 4000',
      capacity=156,
      charging_stations=2,
      city='Liège',
      created_at=datetime.datetime(2020, 9, 25, 0, 0, tzinfo=datetime.timezone.utc),
      latitude=50.6401206676,
      longitude=5.5630714447,
      municipality='Liège',
      name='Parking Carré-Jonfosse',
      provider='mypark',
      schedule='24h/24, 7j/7.',
      updated_at=datetime.datetime(2024, 4, 4, 0, 0, tzinfo=datetime.timezone.utc),
      url='http://www.mypark.be',
    ),
    Garage(
      address='boulevard de la Sauvenière 102, 4000',
      capacity=364,
      charging_stations=0,
      city='Liège',
      created_at=datetime.datetime(2020, 9, 25, 0, 0, tzinfo=datetime.timezone.utc),
      latitude=50.6428485702,
      longitude=5.5653716221,
      municipality='Liège',
      name='Parking Sauvenière',
      provider='Indigo',
      schedule='24h/24 - 7j/7',
      updated_at=datetime.datetime(2024, 3, 28, 0, 0, tzinfo=datetime.timezone.utc),
      url='https://www.indigoneo.be/fr/parkings/26716/parking-neujean',
    ),
    Garage(
      address='place Saint-Paul 3, 4000',
      capacity=400,
      charging_stations=0,
      city='Liège',
      created_at=datetime.datetime(2020, 9, 25, 0, 0, tzinfo=datetime.timezone.utc),
      latitude=50.6395769799,
      longitude=5.5713436408,
      municipality='Liège',
      name='Parking Saint-Paul',
      provider='Saint-Paul',
      schedule='24h/24, 7j/7.',
      updated_at=datetime.datetime(2024, 3, 29, 0, 0, tzinfo=datetime.timezone.utc),
      url='http://www.parkingstpaul.be',
    ),
    Garage(
      address='rue André Dumont None, 4000',
      capacity=66,
      charging_stations=0,
      city='Liège',
      created_at=datetime.datetime(2020, 9, 25, 0, 0, tzinfo=datetime.timezone.utc),
      latitude=50.6382306915,
      longitude=5.5754324031,
      municipality='Liège',
      name='Parking Kennedy',
      provider='UHODA',
      schedule='24h/24, 7j/7.',
      updated_at=datetime.datetime(2024, 3, 28, 0, 0, tzinfo=datetime.timezone.utc),
      url='https://uhoda.com/',
    ),
    Garage(
      address='boulevard de la Sauvenière 100, 4000',
      capacity=18,
      charging_stations=0,
      city='Liège',
      created_at=datetime.datetime(2022, 3, 17, 0, 0, tzinfo=datetime.timezone.utc),
      latitude=50.6429408518,
      longitude=5.5654035149,
      municipality='Liège',
      name='Parking Sauvenière',
      provider='Bepark',
      schedule='24h / 7j',
      updated_at=datetime.datetime(2024, 3, 5, 0, 0, tzinfo=datetime.timezone.utc),
      url='https://www.bepark.eu/fr/parking/wallonie/liege',
    ),
    Garage(
      address='boulevard de la Sauvenière 37, 4000',
      capacity=167,
      charging_stations=4,
      city='Liège',
      created_at=datetime.datetime(2024, 3, 28, 0, 0, tzinfo=datetime.timezone.utc),
      latitude=50.6436758876,
      longitude=5.5676012903,
      municipality='Liège',
      name='Central Park',
      provider='Central Park',
      schedule='Du lundi au mercredi de 8h00 à 1h00 / en continu du jeudi au lundi de 8h à 1h00.',
      updated_at=datetime.datetime(2024, 4, 8, 0, 0, tzinfo=datetime.timezone.utc),
      url='https://parkingcentral-park.be/',
    ),
  ])
# ---
# name: test_disabled_parkings
  list([
    DisabledParking(
      address='quai Saint-Paul de Sinçay 103, 4031',
      city='Liège',
      created_at=datetime.datetime(2021, 11, 26, 0, 0, tzinfo=datetime.timezone.utc),
      latitude=50.602958578,
      longitude=5.6051201,
      municipality='Liège',
      number=1,
      spot_id='cba258ed55c9c207f5bd4b9db97053be72f99eb7',
      status='Existant',
      updated_at=datetime.datetime(2021, 11, 26, 0, 0, tzinfo=datetime.timezone.utc),
    ),
    DisabledParking(
      address='rue des Vennes 112, 4020',
      city='Liège',
      created_at=datetime.datetime(2021, 3, 31, 0, 0, tzinfo=datetime.timezone.utc),
      latitude=50.6273122047,
      longitude=5.584375254,
      municipality='Liège',
      number=1,
      spot_id='f532805125b393e03e1feffb45c5695a9370a4b3',
      status='Existant',
      updated_at=datetime.datetime(2022, 2, 7, 0, 0, tzinfo=datetime.timezone.utc),
    ),
    DisabledParking(
      address='avenue Freddy Terwagne 3, 4030',
      city='Liège',
      created_at=datetime.datetime(2021, 3, 27, 0, 0, tzinfo=datetime.timezone.utc),
      latitude=50.6302120608,
      longitude=5.6285546432,
      municipality='Liège',
      number=1,
      spot_id='a5c82752dd23cfc9ecb1db2db496f964a59a3b82',
      status='Existant',
      updated_at=datetime.datetime(2021, 3, 27, 0, 0, tzinfo=datetime.timezone.utc),
    ),
    DisabledParking(
      address='avenue Freddy Terwagne 6, 4030',
      city='Liège',
      created_at=datetime.datetime(2021, 3, 26, 0, 0, tzinfo=datetime.timezone.utc),
      latitude=50.6295297953,
      longitude=5.6296538896,
      municipality='Liège',
      number=1,
      spot_id='af10b2a70ad90340e5ade2ff9bef10e2344a94c6',
      status='Existant',
      updated_at=datetime.datetime(2021, 3, 26, 0, 0, tzinfo=datetime.timezone.utc),
    ),
    DisabledParking(
      address='avenue Rogier 18, 4000',
      city='Liège',
      created_at=datetime.datetime(2021, 3, 27, 0, 0, tzinfo=datetime.timezone.utc),
      latitude=50.6318805217,
      longitude=5.5696178047,
      municipality='Liège',
      number=1,
      spot_id='a48ff4080ce9bf776c64347026e979980b7aa708',
      status='Existant',
      updated_at=datetime.datetime(2021, 3, 27, 0, 0, tzinfo=datetime.timezone.utc),
    ),
    DisabledParking(
      address='Montagne Sainte-Walburge 43, 4000',
      city='Liège',
      created_at=datetime.datetime(2021, 3, 26, 0, 0, tzinfo=datetime.timezone.utc),
      latitude=50.6487827409,
      longitude=5.5677519905,
      municipality='Liège',
      number=1,
      spot_id='90c7723fdd27a793bae73e9bac313d3877d646d4',
      status='Existant',
      updated_at=datetime.datetime(2021, 3, 26, 0, 0, tzinfo=datetime.timezone.utc),
    ),
    DisabledParking(
      address='place des Abeilles 6, 4020',
      city='Liège',
      created_at=datetime.datetime(2021, 3, 25, 0, 0, tzinfo=datetime.timezone.utc),
      latitude=50.6434944053,
      longitude=5.6330619893,
      municipality='Liège',
      number=1,
      spot_id='e45cecc773093bb0196de7a0d109d2ae1609503a',
      status='Existant',
      updated_at=datetime.datetime(2021, 3, 25, 0, 0, tzinfo=datetime.timezone.utc),
    ),
    DisabledParking(
      address='avenue Joseph Merlot 152, 4020',
      city='Liège',
      created_at=datetime.datetime(2022, 4, 28, 0, 0, tzinfo=datetime.timezone.utc),
      latitude=50.6371022363,
      longitude=5.6046285271,
      municipality='Liège',
      number=1,
      spot_id='0603bc39c5b386319c3b87da26f7bd2ee224ae37',
      status='Existant',
      updated_at=datetime.datetime(2022, 8, 19, 0, 0, tzinfo=datetime.timezone.utc),
    ),
    DisabledParking(
      address='quai de Rome 6, 4000',
      city='Liège',
      created_at=datetime.datetime(2021, 3, 27, 0, 0, tzinfo=datetime.timezone.utc),
      latitude=50.6268205322,
      longitude=5.5734664,
      municipality='Liège',
      number=1,
      spot_id='dcf2ee7c7db2189fd6b62ee529c686a87c9e9351',
      status='Existant',
      updated_at=datetime.datetime(2022, 9, 2, 0, 0, tzinfo=datetime.timezone.utc),
    ),
    DisabledParking(
      address='quai Paul Van Hoegaerden 2, 4000',
      city='Liège',
      created_at=datetime.datetime(2013, 5, 30, 0, 0, tzinfo=datetime.timezone.utc),
      latitude=50.6386193622,
      longitude=5.5759121688,
      municipality='Liège',
      number=1,
      spot_id='672c079710eff02d9b4b08fba7057825ed643d20',
      status='Existant',
      updated_at=datetime.datetime(2021, 9, 2, 0, 0, tzinfo=datetime.timezone.utc),
    ),
  ])
# ---
